PS C:\Users\mirac\OneDrive\デスクトップ\lesson> cd D:\git_challenge
PS D:\git_challenge> git init
Initialized empty Git repository in D:/git_challenge/.git/
PS D:\git_challenge> git add hello_waorld.txt
fatal: pathspec 'hello_waorld.txt' did not match any files
PS D:\git_challenge> git add hello_world.txt
PS D:\git_challenge> git commit -m "hello_world.txtを追加"
[main (root-commit) 96318c8] hello_world.txtを追加
 1 file changed, 1 insertion(+)
 create mode 100644 hello_world.txt
PS D:\git_challenge> git add hello_world.txt
PS D:\git_challenge> git commit -m "日本語訳を追加"
[main 72731e0] 日本語訳を追加
 1 file changed, 2 insertions(+), 1 deletion(-)
PS D:\git_challenge> git log --oneline
72731e0 (HEAD -> main) 日本語訳を追加
96318c8 hello_world.txtを追加
PS D:\git_challenge> 